// Jest Snapshot v1, https://goo.gl/fbAQLP

exports[`<Home /> should render and match the snapshot 1`] = `
<div>
  <HelmetWrapper
    defer={true}
    encodeSpecialCharacters={true}
  >
    <title>
      Home
    </title>
    <meta
      content="Description of Home"
      name="description"
    />
  </HelmetWrapper>
  <h3>
    <FormattedMessage
      defaultMessage="Cashflow"
      id="app.containers.Home.header"
      values={Object {}}
    />
  </h3>
  <div
    className="row"
  >
    <div
      className="col-sm-6"
    >
      <Record
        attributeKeyList={
          Array [
            "services",
            "recurring",
            "project",
            "consultation",
            "interest",
          ]
        }
        handleAddAttRecord={[Function]}
        handleRemoveAttRecord={[Function]}
        handleValueChange={[Function]}
        title="income"
      />
    </div>
    <div
      className="col-sm-6"
    >
      <Record
        attributeKeyList={
          Array [
            "operations",
            "nonOperating",
            "fixed",
            "variable",
            "tax",
          ]
        }
        handleAddAttRecord={[Function]}
        handleRemoveAttRecord={[Function]}
        handleValueChange={[Function]}
        title="expense"
      />
    </div>
  </div>
</div>
`;
